// Jest Snapshot v1, https://goo.gl/fbAQLP

exports[`the button component renders correctly 1`] = `
ShallowWrapper {
  Symbol(enzyme.__root__): [Circular],
  Symbol(enzyme.__unrendered__): <button
    classes="test test-btn"
    handleClick={
      [MockFunction] {
        "calls": Array [
          Array [],
        ],
        "results": Array [
          Object {
            "isThrow": false,
            "value": undefined,
          },
        ],
      }
    }
    icon="cart-plus"
    name="Test Button"
    text="Test Button"
    type="primary"
  />,
  Symbol(enzyme.__renderer__): Object {
    "batchedUpdates": [Function],
    "getNode": [Function],
    "render": [Function],
    "simulateEvent": [Function],
    "unmount": [Function],
  },
  Symbol(enzyme.__node__): Object {
    "instance": null,
    "key": undefined,
    "nodeType": "host",
    "props": Object {
      "children": Array [
        <FontAwesomeIcon
          aria-label="primary"
          border={false}
          className=""
          fixedWidth={false}
          flip={null}
          icon="cart-plus"
          inverse={false}
          listItem={false}
          mask={null}
          pull={null}
          pulse={false}
          rotation={null}
          size={null}
          spin={false}
          symbol={false}
          title=""
          transform={null}
        />,
        "Test Button",
        false,
      ],
      "className": "test test-btn",
      "name": "Test Button",
      "onClick": [MockFunction] {
        "calls": Array [
          Array [],
        ],
        "results": Array [
          Object {
            "isThrow": false,
            "value": undefined,
          },
        ],
      },
      "type": "primary",
    },
    "ref": null,
    "rendered": Array [
      Object {
        "instance": null,
        "key": undefined,
        "nodeType": "function",
        "props": Object {
          "aria-label": "primary",
          "border": false,
          "className": "",
          "fixedWidth": false,
          "flip": null,
          "icon": "cart-plus",
          "inverse": false,
          "listItem": false,
          "mask": null,
          "pull": null,
          "pulse": false,
          "rotation": null,
          "size": null,
          "spin": false,
          "symbol": false,
          "title": "",
          "transform": null,
        },
        "ref": null,
        "rendered": null,
        "type": [Function],
      },
      "Test Button",
      false,
    ],
    "type": "button",
  },
  Symbol(enzyme.__nodes__): Array [
    Object {
      "instance": null,
      "key": undefined,
      "nodeType": "host",
      "props": Object {
        "children": Array [
          <FontAwesomeIcon
            aria-label="primary"
            border={false}
            className=""
            fixedWidth={false}
            flip={null}
            icon="cart-plus"
            inverse={false}
            listItem={false}
            mask={null}
            pull={null}
            pulse={false}
            rotation={null}
            size={null}
            spin={false}
            symbol={false}
            title=""
            transform={null}
          />,
          "Test Button",
          false,
        ],
        "className": "test test-btn",
        "name": "Test Button",
        "onClick": [MockFunction] {
          "calls": Array [
            Array [],
          ],
          "results": Array [
            Object {
              "isThrow": false,
              "value": undefined,
            },
          ],
        },
        "type": "primary",
      },
      "ref": null,
      "rendered": Array [
        Object {
          "instance": null,
          "key": undefined,
          "nodeType": "function",
          "props": Object {
            "aria-label": "primary",
            "border": false,
            "className": "",
            "fixedWidth": false,
            "flip": null,
            "icon": "cart-plus",
            "inverse": false,
            "listItem": false,
            "mask": null,
            "pull": null,
            "pulse": false,
            "rotation": null,
            "size": null,
            "spin": false,
            "symbol": false,
            "title": "",
            "transform": null,
          },
          "ref": null,
          "rendered": null,
          "type": [Function],
        },
        "Test Button",
        false,
      ],
      "type": "button",
    },
  ],
  Symbol(enzyme.__options__): Object {
    "adapter": ReactSixteenAdapter {
      "options": Object {
        "enableComponentDidUpdateOnSetState": true,
        "lifecycles": Object {
          "componentDidUpdate": Object {
            "onSetState": true,
          },
          "getDerivedStateFromProps": true,
          "getSnapshotBeforeUpdate": true,
          "setState": Object {
            "skipsComponentDidUpdateOnNullish": true,
          },
        },
      },
    },
    "attachTo": undefined,
    "hydrateIn": undefined,
  },
}
`;
